// Jest Snapshot v1, https://goo.gl/fbAQLP

exports[`Qvain.Files handleSubmit submits data correctly 1`] = `
Object {
  "access_rights": Object {
    "access_type": Object {
      "identifier": "http://uri.suomi.fi/codelist/fairdata/access_type/code/open",
    },
    "available": undefined,
    "license": Array [
      Object {
        "identifier": "http://uri.suomi.fi/codelist/fairdata/license/code/CC-BY-4.0",
      },
    ],
    "restriction_grounds": undefined,
  },
  "contributor": undefined,
  "creator": Array [
    Object {
      "@type": "Organization",
      "email": undefined,
      "identifier": "http://uri.suomi.fi/codelist/fairdata/organization/code/123456789",
      "name": Object {
        "en": "Org",
        "fi": "Org",
        "und": "Org",
      },
    },
  ],
  "cumulativeState": 0,
  "curator": undefined,
  "dataCatalog": "urn:nbn:fi:att:data-catalog-ida",
  "description": Object {
    "en": "",
    "fi": "Description",
  },
  "field_of_science": Array [],
  "identifiers": Array [],
  "infrastructure": Array [],
  "issuedDate": undefined,
  "keywords": Array [
    "keyword",
  ],
  "language": Array [],
  "original": Object {
    "cumulative_state": 0,
    "data_catalog": Object {
      "id": 9,
      "identifier": "urn:nbn:fi:att:data-catalog-ida",
    },
    "dataset_version_set": Array [
      Object {
        "date_created": "2020-03-03T11:58:16+02:00",
        "identifier": "6d2cb5f5-4867-47f7-9874-09357f2901a3",
        "preferred_identifier": "urn:nbn:fi:att:01ea6b60-b3b9-4ad1-9660-f5fdd68e656d",
        "removed": false,
      },
      Object {
        "date_created": "2020-03-03T11:53:22+02:00",
        "identifier": "387c0807-f181-4f0b-b4f1-59004bce7fd6",
        "preferred_identifier": "urn:nbn:fi:att:94837825-21a5-41d9-9e49-48fadc85743f",
        "removed": false,
      },
      Object {
        "date_created": "2020-03-03T10:52:00+02:00",
        "identifier": "c05a9c97-2b69-4d88-ab30-791c7b365162",
        "preferred_identifier": "urn:nbn:fi:att:f557c60d-9fad-4d38-8a50-86ec3b10d8ad",
        "removed": false,
      },
    ],
    "date_created": "2020-03-03T11:58:16+02:00",
    "date_modified": "2020-03-03T12:47:06+02:00",
    "deprecated": false,
    "id": 496,
    "identifier": "6d2cb5f5-4867-47f7-9874-09357f2901a3",
    "metadata_owner_org": "ylipoisto.fi",
    "metadata_provider_org": "ylipoisto.fi",
    "metadata_provider_user": "TESTUSER",
    "preservation_state": 0,
    "previous_dataset_version": Object {
      "id": 495,
      "identifier": "387c0807-f181-4f0b-b4f1-59004bce7fd6",
      "preferred_identifier": "urn:nbn:fi:att:94837825-21a5-41d9-9e49-48fadc85743f",
    },
    "removed": false,
    "research_dataset": Object {
      "access_rights": Object {
        "access_type": Object {
          "identifier": "http://uri.suomi.fi/codelist/fairdata/access_type/code/open",
          "in_scheme": "http://uri.suomi.fi/codelist/fairdata/access_type",
          "pref_label": Object {
            "en": "Open",
            "fi": "Avoin",
            "und": "Avoin",
          },
        },
        "license": Array [
          Object {
            "identifier": "http://uri.suomi.fi/codelist/fairdata/license/code/CC-BY-4.0",
            "license": "https://creativecommons.org/licenses/by/4.0/",
            "title": Object {
              "en": "Creative Commons Attribution 4.0 International (CC BY 4.0)",
            },
          },
        ],
      },
      "creator": Array [
        Object {
          "@type": "Organization",
          "identifier": "http://uri.suomi.fi/codelist/fairdata/organization/code/123456789",
          "name": Object {
            "en": "Org",
            "fi": "Org",
            "und": "Org",
          },
        },
      ],
      "description": Object {
        "fi": "Description",
      },
      "keyword": Array [
        "keyword",
      ],
      "metadata_version_identifier": "615de971-99b1-4801-a45d-d7f03ec06f18",
      "preferred_identifier": "urn:nbn:fi:att:01ea6b60-b3b9-4ad1-9660-f5fdd68e656d",
      "title": Object {
        "fi": "Title",
      },
      "total_files_byte_size": 9216,
    },
    "service_created": "qvain",
    "service_modified": "qvain",
  },
  "projects": Array [],
  "provenance": Array [],
  "publisher": undefined,
  "relation": Array [],
  "remote_resources": Array [],
  "rights_holder": undefined,
  "spatial": Array [],
  "temporal": Array [],
  "theme": Array [],
  "title": Object {
    "en": "",
    "fi": "Title",
  },
  "useDoi": false,
}
`;

exports[`Qvain.Files handleSubmit submits data correctly after adding directory 1`] = `
Object {
  "access_rights": Object {
    "access_type": Object {
      "identifier": "http://uri.suomi.fi/codelist/fairdata/access_type/code/open",
    },
    "available": undefined,
    "license": Array [
      Object {
        "identifier": "http://uri.suomi.fi/codelist/fairdata/license/code/CC-BY-4.0",
      },
    ],
    "restriction_grounds": undefined,
  },
  "contributor": undefined,
  "creator": Array [
    Object {
      "@type": "Organization",
      "email": undefined,
      "identifier": "http://uri.suomi.fi/codelist/fairdata/organization/code/123456789",
      "name": Object {
        "en": "Org",
        "fi": "Org",
        "und": "Org",
      },
    },
  ],
  "cumulativeState": 0,
  "curator": undefined,
  "dataCatalog": "urn:nbn:fi:att:data-catalog-ida",
  "description": Object {
    "en": "",
    "fi": "Description",
  },
  "field_of_science": Array [],
  "identifiers": Array [],
  "infrastructure": Array [],
  "issuedDate": undefined,
  "keywords": Array [
    "keyword",
  ],
  "language": Array [],
  "original": Object {
    "cumulative_state": 0,
    "data_catalog": Object {
      "id": 9,
      "identifier": "urn:nbn:fi:att:data-catalog-ida",
    },
    "dataset_version_set": Array [
      Object {
        "date_created": "2020-03-03T11:58:16+02:00",
        "identifier": "6d2cb5f5-4867-47f7-9874-09357f2901a3",
        "preferred_identifier": "urn:nbn:fi:att:01ea6b60-b3b9-4ad1-9660-f5fdd68e656d",
        "removed": false,
      },
      Object {
        "date_created": "2020-03-03T11:53:22+02:00",
        "identifier": "387c0807-f181-4f0b-b4f1-59004bce7fd6",
        "preferred_identifier": "urn:nbn:fi:att:94837825-21a5-41d9-9e49-48fadc85743f",
        "removed": false,
      },
      Object {
        "date_created": "2020-03-03T10:52:00+02:00",
        "identifier": "c05a9c97-2b69-4d88-ab30-791c7b365162",
        "preferred_identifier": "urn:nbn:fi:att:f557c60d-9fad-4d38-8a50-86ec3b10d8ad",
        "removed": false,
      },
    ],
    "date_created": "2020-03-03T11:58:16+02:00",
    "date_modified": "2020-03-03T12:47:06+02:00",
    "deprecated": false,
    "id": 496,
    "identifier": "6d2cb5f5-4867-47f7-9874-09357f2901a3",
    "metadata_owner_org": "ylipoisto.fi",
    "metadata_provider_org": "ylipoisto.fi",
    "metadata_provider_user": "TESTUSER",
    "preservation_state": 0,
    "previous_dataset_version": Object {
      "id": 495,
      "identifier": "387c0807-f181-4f0b-b4f1-59004bce7fd6",
      "preferred_identifier": "urn:nbn:fi:att:94837825-21a5-41d9-9e49-48fadc85743f",
    },
    "removed": false,
    "research_dataset": Object {
      "access_rights": Object {
        "access_type": Object {
          "identifier": "http://uri.suomi.fi/codelist/fairdata/access_type/code/open",
          "in_scheme": "http://uri.suomi.fi/codelist/fairdata/access_type",
          "pref_label": Object {
            "en": "Open",
            "fi": "Avoin",
            "und": "Avoin",
          },
        },
        "license": Array [
          Object {
            "identifier": "http://uri.suomi.fi/codelist/fairdata/license/code/CC-BY-4.0",
            "license": "https://creativecommons.org/licenses/by/4.0/",
            "title": Object {
              "en": "Creative Commons Attribution 4.0 International (CC BY 4.0)",
            },
          },
        ],
      },
      "creator": Array [
        Object {
          "@type": "Organization",
          "identifier": "http://uri.suomi.fi/codelist/fairdata/organization/code/123456789",
          "name": Object {
            "en": "Org",
            "fi": "Org",
            "und": "Org",
          },
        },
      ],
      "description": Object {
        "fi": "Description",
      },
      "keyword": Array [
        "keyword",
      ],
      "metadata_version_identifier": "615de971-99b1-4801-a45d-d7f03ec06f18",
      "preferred_identifier": "urn:nbn:fi:att:01ea6b60-b3b9-4ad1-9660-f5fdd68e656d",
      "title": Object {
        "fi": "Title",
      },
      "total_files_byte_size": 9216,
    },
    "service_created": "qvain",
    "service_modified": "qvain",
  },
  "projects": Array [],
  "provenance": Array [],
  "publisher": undefined,
  "relation": Array [],
  "remote_resources": Array [],
  "rights_holder": undefined,
  "spatial": Array [],
  "temporal": Array [],
  "theme": Array [],
  "title": Object {
    "en": "",
    "fi": "Title",
  },
  "useDoi": false,
}
`;

exports[`Qvain.Files handleSubmit submits data correctly after adding file 1`] = `
Object {
  "access_rights": Object {
    "access_type": Object {
      "identifier": "http://uri.suomi.fi/codelist/fairdata/access_type/code/open",
    },
    "available": undefined,
    "license": Array [
      Object {
        "identifier": "http://uri.suomi.fi/codelist/fairdata/license/code/CC-BY-4.0",
      },
    ],
    "restriction_grounds": undefined,
  },
  "contributor": undefined,
  "creator": Array [
    Object {
      "@type": "Organization",
      "email": undefined,
      "identifier": "http://uri.suomi.fi/codelist/fairdata/organization/code/123456789",
      "name": Object {
        "en": "Org",
        "fi": "Org",
        "und": "Org",
      },
    },
  ],
  "cumulativeState": 0,
  "curator": undefined,
  "dataCatalog": "urn:nbn:fi:att:data-catalog-ida",
  "description": Object {
    "en": "",
    "fi": "Description",
  },
  "field_of_science": Array [],
  "identifiers": Array [],
  "infrastructure": Array [],
  "issuedDate": undefined,
  "keywords": Array [
    "keyword",
  ],
  "language": Array [],
  "original": Object {
    "cumulative_state": 0,
    "data_catalog": Object {
      "id": 9,
      "identifier": "urn:nbn:fi:att:data-catalog-ida",
    },
    "dataset_version_set": Array [
      Object {
        "date_created": "2020-03-03T11:58:16+02:00",
        "identifier": "6d2cb5f5-4867-47f7-9874-09357f2901a3",
        "preferred_identifier": "urn:nbn:fi:att:01ea6b60-b3b9-4ad1-9660-f5fdd68e656d",
        "removed": false,
      },
      Object {
        "date_created": "2020-03-03T11:53:22+02:00",
        "identifier": "387c0807-f181-4f0b-b4f1-59004bce7fd6",
        "preferred_identifier": "urn:nbn:fi:att:94837825-21a5-41d9-9e49-48fadc85743f",
        "removed": false,
      },
      Object {
        "date_created": "2020-03-03T10:52:00+02:00",
        "identifier": "c05a9c97-2b69-4d88-ab30-791c7b365162",
        "preferred_identifier": "urn:nbn:fi:att:f557c60d-9fad-4d38-8a50-86ec3b10d8ad",
        "removed": false,
      },
    ],
    "date_created": "2020-03-03T11:58:16+02:00",
    "date_modified": "2020-03-03T12:47:06+02:00",
    "deprecated": false,
    "id": 496,
    "identifier": "6d2cb5f5-4867-47f7-9874-09357f2901a3",
    "metadata_owner_org": "ylipoisto.fi",
    "metadata_provider_org": "ylipoisto.fi",
    "metadata_provider_user": "TESTUSER",
    "preservation_state": 0,
    "previous_dataset_version": Object {
      "id": 495,
      "identifier": "387c0807-f181-4f0b-b4f1-59004bce7fd6",
      "preferred_identifier": "urn:nbn:fi:att:94837825-21a5-41d9-9e49-48fadc85743f",
    },
    "removed": false,
    "research_dataset": Object {
      "access_rights": Object {
        "access_type": Object {
          "identifier": "http://uri.suomi.fi/codelist/fairdata/access_type/code/open",
          "in_scheme": "http://uri.suomi.fi/codelist/fairdata/access_type",
          "pref_label": Object {
            "en": "Open",
            "fi": "Avoin",
            "und": "Avoin",
          },
        },
        "license": Array [
          Object {
            "identifier": "http://uri.suomi.fi/codelist/fairdata/license/code/CC-BY-4.0",
            "license": "https://creativecommons.org/licenses/by/4.0/",
            "title": Object {
              "en": "Creative Commons Attribution 4.0 International (CC BY 4.0)",
            },
          },
        ],
      },
      "creator": Array [
        Object {
          "@type": "Organization",
          "identifier": "http://uri.suomi.fi/codelist/fairdata/organization/code/123456789",
          "name": Object {
            "en": "Org",
            "fi": "Org",
            "und": "Org",
          },
        },
      ],
      "description": Object {
        "fi": "Description",
      },
      "keyword": Array [
        "keyword",
      ],
      "metadata_version_identifier": "615de971-99b1-4801-a45d-d7f03ec06f18",
      "preferred_identifier": "urn:nbn:fi:att:01ea6b60-b3b9-4ad1-9660-f5fdd68e656d",
      "title": Object {
        "fi": "Title",
      },
      "total_files_byte_size": 9216,
    },
    "service_created": "qvain",
    "service_modified": "qvain",
  },
  "projects": Array [],
  "provenance": Array [],
  "publisher": undefined,
  "relation": Array [],
  "remote_resources": Array [],
  "rights_holder": undefined,
  "spatial": Array [],
  "temporal": Array [],
  "theme": Array [],
  "title": Object {
    "en": "",
    "fi": "Title",
  },
  "useDoi": false,
}
`;

exports[`Qvain.Files handleSubmit submits data correctly after removing directory 1`] = `
Object {
  "access_rights": Object {
    "access_type": Object {
      "identifier": "http://uri.suomi.fi/codelist/fairdata/access_type/code/open",
    },
    "available": undefined,
    "license": Array [
      Object {
        "identifier": "http://uri.suomi.fi/codelist/fairdata/license/code/CC-BY-4.0",
      },
    ],
    "restriction_grounds": undefined,
  },
  "contributor": undefined,
  "creator": Array [
    Object {
      "@type": "Organization",
      "email": undefined,
      "identifier": "http://uri.suomi.fi/codelist/fairdata/organization/code/123456789",
      "name": Object {
        "en": "Org",
        "fi": "Org",
        "und": "Org",
      },
    },
  ],
  "cumulativeState": 0,
  "curator": undefined,
  "dataCatalog": "urn:nbn:fi:att:data-catalog-ida",
  "description": Object {
    "en": "",
    "fi": "Description",
  },
  "field_of_science": Array [],
  "identifiers": Array [],
  "infrastructure": Array [],
  "issuedDate": undefined,
  "keywords": Array [
    "keyword",
  ],
  "language": Array [],
  "original": Object {
    "cumulative_state": 0,
    "data_catalog": Object {
      "id": 9,
      "identifier": "urn:nbn:fi:att:data-catalog-ida",
    },
    "dataset_version_set": Array [
      Object {
        "date_created": "2020-03-03T11:58:16+02:00",
        "identifier": "6d2cb5f5-4867-47f7-9874-09357f2901a3",
        "preferred_identifier": "urn:nbn:fi:att:01ea6b60-b3b9-4ad1-9660-f5fdd68e656d",
        "removed": false,
      },
      Object {
        "date_created": "2020-03-03T11:53:22+02:00",
        "identifier": "387c0807-f181-4f0b-b4f1-59004bce7fd6",
        "preferred_identifier": "urn:nbn:fi:att:94837825-21a5-41d9-9e49-48fadc85743f",
        "removed": false,
      },
      Object {
        "date_created": "2020-03-03T10:52:00+02:00",
        "identifier": "c05a9c97-2b69-4d88-ab30-791c7b365162",
        "preferred_identifier": "urn:nbn:fi:att:f557c60d-9fad-4d38-8a50-86ec3b10d8ad",
        "removed": false,
      },
    ],
    "date_created": "2020-03-03T11:58:16+02:00",
    "date_modified": "2020-03-03T12:47:06+02:00",
    "deprecated": false,
    "id": 496,
    "identifier": "6d2cb5f5-4867-47f7-9874-09357f2901a3",
    "metadata_owner_org": "ylipoisto.fi",
    "metadata_provider_org": "ylipoisto.fi",
    "metadata_provider_user": "TESTUSER",
    "preservation_state": 0,
    "previous_dataset_version": Object {
      "id": 495,
      "identifier": "387c0807-f181-4f0b-b4f1-59004bce7fd6",
      "preferred_identifier": "urn:nbn:fi:att:94837825-21a5-41d9-9e49-48fadc85743f",
    },
    "removed": false,
    "research_dataset": Object {
      "access_rights": Object {
        "access_type": Object {
          "identifier": "http://uri.suomi.fi/codelist/fairdata/access_type/code/open",
          "in_scheme": "http://uri.suomi.fi/codelist/fairdata/access_type",
          "pref_label": Object {
            "en": "Open",
            "fi": "Avoin",
            "und": "Avoin",
          },
        },
        "license": Array [
          Object {
            "identifier": "http://uri.suomi.fi/codelist/fairdata/license/code/CC-BY-4.0",
            "license": "https://creativecommons.org/licenses/by/4.0/",
            "title": Object {
              "en": "Creative Commons Attribution 4.0 International (CC BY 4.0)",
            },
          },
        ],
      },
      "creator": Array [
        Object {
          "@type": "Organization",
          "identifier": "http://uri.suomi.fi/codelist/fairdata/organization/code/123456789",
          "name": Object {
            "en": "Org",
            "fi": "Org",
            "und": "Org",
          },
        },
      ],
      "description": Object {
        "fi": "Description",
      },
      "keyword": Array [
        "keyword",
      ],
      "metadata_version_identifier": "615de971-99b1-4801-a45d-d7f03ec06f18",
      "preferred_identifier": "urn:nbn:fi:att:01ea6b60-b3b9-4ad1-9660-f5fdd68e656d",
      "title": Object {
        "fi": "Title",
      },
      "total_files_byte_size": 9216,
    },
    "service_created": "qvain",
    "service_modified": "qvain",
  },
  "projects": Array [],
  "provenance": Array [],
  "publisher": undefined,
  "relation": Array [],
  "remote_resources": Array [],
  "rights_holder": undefined,
  "spatial": Array [],
  "temporal": Array [],
  "theme": Array [],
  "title": Object {
    "en": "",
    "fi": "Title",
  },
  "useDoi": false,
}
`;

exports[`Qvain.Files handleSubmit submits data correctly after removing file 1`] = `
Object {
  "access_rights": Object {
    "access_type": Object {
      "identifier": "http://uri.suomi.fi/codelist/fairdata/access_type/code/open",
    },
    "available": undefined,
    "license": Array [
      Object {
        "identifier": "http://uri.suomi.fi/codelist/fairdata/license/code/CC-BY-4.0",
      },
    ],
    "restriction_grounds": undefined,
  },
  "contributor": undefined,
  "creator": Array [
    Object {
      "@type": "Organization",
      "email": undefined,
      "identifier": "http://uri.suomi.fi/codelist/fairdata/organization/code/123456789",
      "name": Object {
        "en": "Org",
        "fi": "Org",
        "und": "Org",
      },
    },
  ],
  "cumulativeState": 0,
  "curator": undefined,
  "dataCatalog": "urn:nbn:fi:att:data-catalog-ida",
  "description": Object {
    "en": "",
    "fi": "Description",
  },
  "field_of_science": Array [],
  "identifiers": Array [],
  "infrastructure": Array [],
  "issuedDate": undefined,
  "keywords": Array [
    "keyword",
  ],
  "language": Array [],
  "original": Object {
    "cumulative_state": 0,
    "data_catalog": Object {
      "id": 9,
      "identifier": "urn:nbn:fi:att:data-catalog-ida",
    },
    "dataset_version_set": Array [
      Object {
        "date_created": "2020-03-03T11:58:16+02:00",
        "identifier": "6d2cb5f5-4867-47f7-9874-09357f2901a3",
        "preferred_identifier": "urn:nbn:fi:att:01ea6b60-b3b9-4ad1-9660-f5fdd68e656d",
        "removed": false,
      },
      Object {
        "date_created": "2020-03-03T11:53:22+02:00",
        "identifier": "387c0807-f181-4f0b-b4f1-59004bce7fd6",
        "preferred_identifier": "urn:nbn:fi:att:94837825-21a5-41d9-9e49-48fadc85743f",
        "removed": false,
      },
      Object {
        "date_created": "2020-03-03T10:52:00+02:00",
        "identifier": "c05a9c97-2b69-4d88-ab30-791c7b365162",
        "preferred_identifier": "urn:nbn:fi:att:f557c60d-9fad-4d38-8a50-86ec3b10d8ad",
        "removed": false,
      },
    ],
    "date_created": "2020-03-03T11:58:16+02:00",
    "date_modified": "2020-03-03T12:47:06+02:00",
    "deprecated": false,
    "id": 496,
    "identifier": "6d2cb5f5-4867-47f7-9874-09357f2901a3",
    "metadata_owner_org": "ylipoisto.fi",
    "metadata_provider_org": "ylipoisto.fi",
    "metadata_provider_user": "TESTUSER",
    "preservation_state": 0,
    "previous_dataset_version": Object {
      "id": 495,
      "identifier": "387c0807-f181-4f0b-b4f1-59004bce7fd6",
      "preferred_identifier": "urn:nbn:fi:att:94837825-21a5-41d9-9e49-48fadc85743f",
    },
    "removed": false,
    "research_dataset": Object {
      "access_rights": Object {
        "access_type": Object {
          "identifier": "http://uri.suomi.fi/codelist/fairdata/access_type/code/open",
          "in_scheme": "http://uri.suomi.fi/codelist/fairdata/access_type",
          "pref_label": Object {
            "en": "Open",
            "fi": "Avoin",
            "und": "Avoin",
          },
        },
        "license": Array [
          Object {
            "identifier": "http://uri.suomi.fi/codelist/fairdata/license/code/CC-BY-4.0",
            "license": "https://creativecommons.org/licenses/by/4.0/",
            "title": Object {
              "en": "Creative Commons Attribution 4.0 International (CC BY 4.0)",
            },
          },
        ],
      },
      "creator": Array [
        Object {
          "@type": "Organization",
          "identifier": "http://uri.suomi.fi/codelist/fairdata/organization/code/123456789",
          "name": Object {
            "en": "Org",
            "fi": "Org",
            "und": "Org",
          },
        },
      ],
      "description": Object {
        "fi": "Description",
      },
      "keyword": Array [
        "keyword",
      ],
      "metadata_version_identifier": "615de971-99b1-4801-a45d-d7f03ec06f18",
      "preferred_identifier": "urn:nbn:fi:att:01ea6b60-b3b9-4ad1-9660-f5fdd68e656d",
      "title": Object {
        "fi": "Title",
      },
      "total_files_byte_size": 9216,
    },
    "service_created": "qvain",
    "service_modified": "qvain",
  },
  "projects": Array [],
  "provenance": Array [],
  "publisher": undefined,
  "relation": Array [],
  "remote_resources": Array [],
  "rights_holder": undefined,
  "spatial": Array [],
  "temporal": Array [],
  "theme": Array [],
  "title": Object {
    "en": "",
    "fi": "Title",
  },
  "useDoi": false,
}
`;
