// Jest Snapshot v1, https://goo.gl/fbAQLP

exports[`FilterSection should render <FilterSection /> 1`] = `
<filterSection__Section>
  <filterSection__FilterCategory
    aria-expanded={false}
    onClick={[Function]}
  >
    Data Catalog
    <FontAwesomeIcon
      beat={false}
      beatFade={false}
      border={false}
      bounce={false}
      className=""
      fade={false}
      fixedWidth={false}
      flip={false}
      icon={
        Object {
          "icon": Array [
            448,
            512,
            Array [
              8964,
            ],
            "f107",
            "M201.4 374.6c12.5 12.5 32.8 12.5 45.3 0l160-160c12.5-12.5 12.5-32.8 0-45.3s-32.8-12.5-45.3 0L224 306.7 86.6 169.4c-12.5-12.5-32.8-12.5-45.3 0s-12.5 32.8 0 45.3l160 160z",
          ],
          "iconName": "angle-down",
          "prefix": "fas",
        }
      }
      inverse={false}
      listItem={false}
      mask={null}
      maskId={null}
      pull={null}
      pulse={false}
      rotation={null}
      shake={false}
      size="2x"
      spin={false}
      spinPulse={false}
      spinReverse={false}
      swapOpacity={false}
      symbol={false}
      title=""
      titleId={null}
      transform={null}
    />
  </filterSection__FilterCategory>
  <filterSection__FilterItems
    aria-hidden={true}
    className=""
  >
    <ul
      aria-label="Data Catalog"
    >
      <ForwardRef
        item={
          Object {
            "doc_count": 1,
            "key": "Fairdata IDA datasets",
          }
        }
        key="Fairdata IDA datasets"
        sectionTitleEn="Data Catalog"
        tabIndex="-1"
        term="data_catalog.en"
      />
    </ul>
  </filterSection__FilterItems>
</filterSection__Section>
`;
